com/diff/core/Recorders/DubboRecord.class
com/diff/core/Visitors/AsmSearchFilterMethod.class
com/diff/core/Visitors/MethodVisitorAdapter.class
com/diff/core/Utils/XmlDiffUtils$ElementNode.class
com/diff/core/Recorders/AbstractRecord.class
com/diff/core/Common/Config.class
com/diff/core/Utils/ParseUtil.class
com/diff/core/Utils/FileTreeUtil.class
com/diff/core/Visitors/VisitorAdapter.class
com/diff/core/Visitors/AsmAnnotationVisitor.class
com/diff/core/main.class
com/diff/core/Common/Code.class
com/diff/core/Visitors/AsmSearchFilterClass.class
com/diff/core/Recorders/InterfaceRecord.class
com/diff/core/Utils/XmlDiffUtils.class
com/diff/core/Visitors/AsmClassVisitor.class
com/diff/core/Utils/ChainUtils$StackJSONNode.class
com/diff/core/Utils/ProjectChainUtils.class
com/diff/core/Recorders/ApiRecord.class
com/diff/core/Utils/FilterUtils.class
com/diff/core/Utils/ChainUtils.class
com/diff/core/Recorders/ControllerRecord.class
com/diff/core/Utils/FullMethodNameUtil$Node.class
com/diff/core/Utils/FileTreeUtil$FileNode.class
com/diff/core/Visitors/AsmMethodAdapter.class
com/diff/core/Utils/FullMethodNameUtil.class
com/diff/core/Utils/XmlDiffUtils$1.class
