/Users/crisschan/workspace/JSpace/static-chain-analysis/src/main/java/com/diff/core/Utils/ChainUtils.java
/Users/crisschan/workspace/JSpace/static-chain-analysis/src/main/java/com/diff/core/Utils/ParseUtil.java
/Users/crisschan/workspace/JSpace/static-chain-analysis/src/main/java/com/diff/core/Visitors/AsmAnnotationVisitor.java
/Users/crisschan/workspace/JSpace/static-chain-analysis/src/main/java/com/diff/core/Visitors/AsmMethodAdapter.java
/Users/crisschan/workspace/JSpace/static-chain-analysis/src/main/java/com/diff/core/Utils/FileTreeUtil.java
/Users/crisschan/workspace/JSpace/static-chain-analysis/src/main/java/com/diff/core/main.java
/Users/crisschan/workspace/JSpace/static-chain-analysis/src/main/java/com/diff/core/Utils/FullMethodNameUtil.java
/Users/crisschan/workspace/JSpace/static-chain-analysis/src/main/java/com/diff/core/Utils/XmlDiffUtils.java
/Users/crisschan/workspace/JSpace/static-chain-analysis/src/main/java/com/diff/core/Recorders/DubboRecord.java
/Users/crisschan/workspace/JSpace/static-chain-analysis/src/main/java/com/diff/core/Visitors/VisitorAdapter.java
/Users/crisschan/workspace/JSpace/static-chain-analysis/src/main/java/com/diff/core/Utils/ProjectChainUtils.java
/Users/crisschan/workspace/JSpace/static-chain-analysis/src/main/java/com/diff/core/Recorders/AbstractRecord.java
/Users/crisschan/workspace/JSpace/static-chain-analysis/src/main/java/com/diff/core/Recorders/InterfaceRecord.java
/Users/crisschan/workspace/JSpace/static-chain-analysis/src/main/java/com/diff/core/Utils/FilterUtils.java
/Users/crisschan/workspace/JSpace/static-chain-analysis/src/main/java/com/diff/core/Common/Config.java
/Users/crisschan/workspace/JSpace/static-chain-analysis/src/main/java/com/diff/core/Visitors/AsmSearchFilterClass.java
/Users/crisschan/workspace/JSpace/static-chain-analysis/src/main/java/com/diff/core/Visitors/AsmSearchFilterMethod.java
/Users/crisschan/workspace/JSpace/static-chain-analysis/src/main/java/com/diff/core/Recorders/ControllerRecord.java
/Users/crisschan/workspace/JSpace/static-chain-analysis/src/main/java/com/diff/core/Visitors/AsmClassVisitor.java
/Users/crisschan/workspace/JSpace/static-chain-analysis/src/main/java/com/diff/core/Recorders/ApiRecord.java
/Users/crisschan/workspace/JSpace/static-chain-analysis/src/main/java/com/diff/core/Common/Code.java
/Users/crisschan/workspace/JSpace/static-chain-analysis/src/main/java/com/diff/core/Visitors/MethodVisitorAdapter.java
